Archive member included because of file (symbol)

d:/academic/mt embedded diploma/0. misc/eclipse/winavr-20240224t165543z-001/winavr/bin/../lib/gcc/avr/4.3.3/avr5\libgcc.a(_udivmodqi4.o)
                              ./src/seven_segment.o (__udivmodqi4)
d:/academic/mt embedded diploma/0. misc/eclipse/winavr-20240224t165543z-001/winavr/bin/../lib/gcc/avr/4.3.3/avr5\libgcc.a(_exit.o)
                              d:/academic/mt embedded diploma/0. misc/eclipse/winavr-20240224t165543z-001/winavr/bin/../lib/gcc/avr/4.3.3/../../../../avr/lib/avr5/crtm32.o (exit)
d:/academic/mt embedded diploma/0. misc/eclipse/winavr-20240224t165543z-001/winavr/bin/../lib/gcc/avr/4.3.3/avr5\libgcc.a(_clear_bss.o)
                              ./src/interrupts.o (__do_clear_bss)

Memory Configuration

Name             Origin             Length             Attributes
text             0x00000000         0x00020000         xr
data             0x00800060         0x0000ffa0         rw !x
eeprom           0x00810000         0x00010000         rw !x
fuse             0x00820000         0x00000400         rw !x
lock             0x00830000         0x00000400         rw !x
signature        0x00840000         0x00000400         rw !x
*default*        0x00000000         0xffffffff

Linker script and memory map

LOAD d:/academic/mt embedded diploma/0. misc/eclipse/winavr-20240224t165543z-001/winavr/bin/../lib/gcc/avr/4.3.3/../../../../avr/lib/avr5/crtm32.o
LOAD ./src/interrupts.o
LOAD ./src/main.o
LOAD ./src/seven_segment.o
LOAD ./src/timer1.o
LOAD d:/academic/mt embedded diploma/0. misc/eclipse/winavr-20240224t165543z-001/winavr/bin/../lib/gcc/avr/4.3.3/avr5\libgcc.a
LOAD d:/academic/mt embedded diploma/0. misc/eclipse/winavr-20240224t165543z-001/winavr/bin/../lib/gcc/avr/4.3.3/../../../../avr/lib/avr5\libc.a
LOAD d:/academic/mt embedded diploma/0. misc/eclipse/winavr-20240224t165543z-001/winavr/bin/../lib/gcc/avr/4.3.3/avr5\libgcc.a

.hash
 *(.hash)

.dynsym
 *(.dynsym)

.dynstr
 *(.dynstr)

.gnu.version
 *(.gnu.version)

.gnu.version_d
 *(.gnu.version_d)

.gnu.version_r
 *(.gnu.version_r)

.rel.init
 *(.rel.init)

.rela.init
 *(.rela.init)

.rel.text
 *(.rel.text)
 *(.rel.text.*)
 *(.rel.gnu.linkonce.t*)

.rela.text
 *(.rela.text)
 *(.rela.text.*)
 *(.rela.gnu.linkonce.t*)

.rel.fini
 *(.rel.fini)

.rela.fini
 *(.rela.fini)

.rel.rodata
 *(.rel.rodata)
 *(.rel.rodata.*)
 *(.rel.gnu.linkonce.r*)

.rela.rodata
 *(.rela.rodata)
 *(.rela.rodata.*)
 *(.rela.gnu.linkonce.r*)

.rel.data
 *(.rel.data)
 *(.rel.data.*)
 *(.rel.gnu.linkonce.d*)

.rela.data
 *(.rela.data)
 *(.rela.data.*)
 *(.rela.gnu.linkonce.d*)

.rel.ctors
 *(.rel.ctors)

.rela.ctors
 *(.rela.ctors)

.rel.dtors
 *(.rel.dtors)

.rela.dtors
 *(.rela.dtors)

.rel.got
 *(.rel.got)

.rela.got
 *(.rela.got)

.rel.bss
 *(.rel.bss)

.rela.bss
 *(.rela.bss)

.rel.plt
 *(.rel.plt)

.rela.plt
 *(.rela.plt)

.text           0x00000000      0x714
 *(.vectors)
 .vectors       0x00000000       0x54 d:/academic/mt embedded diploma/0. misc/eclipse/winavr-20240224t165543z-001/winavr/bin/../lib/gcc/avr/4.3.3/../../../../avr/lib/avr5/crtm32.o
                0x00000000                __vectors
                0x00000000                __vector_default
 *(.vectors)
 *(.progmem.gcc*)
 *(.progmem*)
                0x00000054                . = ALIGN (0x2)
                0x00000054                __trampolines_start = .
 *(.trampolines)
 .trampolines   0x00000054        0x0 linker stubs
 *(.trampolines*)
                0x00000054                __trampolines_end = .
 *(.jumptables)
 *(.jumptables*)
 *(.lowtext)
 *(.lowtext*)
                0x00000054                __ctors_start = .
 *(.ctors)
                0x00000054                __ctors_end = .
                0x00000054                __dtors_start = .
 *(.dtors)
                0x00000054                __dtors_end = .
 SORT(*)(.ctors)
 SORT(*)(.dtors)
 *(.init0)
 .init0         0x00000054        0x0 d:/academic/mt embedded diploma/0. misc/eclipse/winavr-20240224t165543z-001/winavr/bin/../lib/gcc/avr/4.3.3/../../../../avr/lib/avr5/crtm32.o
                0x00000054                __init
 *(.init0)
 *(.init1)
 *(.init1)
 *(.init2)
 .init2         0x00000054        0xc d:/academic/mt embedded diploma/0. misc/eclipse/winavr-20240224t165543z-001/winavr/bin/../lib/gcc/avr/4.3.3/../../../../avr/lib/avr5/crtm32.o
 *(.init2)
 *(.init3)
 *(.init3)
 *(.init4)
 .init4         0x00000060       0x10 d:/academic/mt embedded diploma/0. misc/eclipse/winavr-20240224t165543z-001/winavr/bin/../lib/gcc/avr/4.3.3/avr5\libgcc.a(_clear_bss.o)
                0x00000060                __do_clear_bss
 *(.init4)
 *(.init5)
 *(.init5)
 *(.init6)
 *(.init6)
 *(.init7)
 *(.init7)
 *(.init8)
 *(.init8)
 *(.init9)
 .init9         0x00000070        0x8 d:/academic/mt embedded diploma/0. misc/eclipse/winavr-20240224t165543z-001/winavr/bin/../lib/gcc/avr/4.3.3/../../../../avr/lib/avr5/crtm32.o
 *(.init9)
 *(.text)
 .text          0x00000078        0x4 d:/academic/mt embedded diploma/0. misc/eclipse/winavr-20240224t165543z-001/winavr/bin/../lib/gcc/avr/4.3.3/../../../../avr/lib/avr5/crtm32.o
                0x00000078                __vector_12
                0x00000078                __bad_interrupt
                0x00000078                __vector_6
                0x00000078                __vector_11
                0x00000078                __vector_13
                0x00000078                __vector_17
                0x00000078                __vector_19
                0x00000078                __vector_5
                0x00000078                __vector_4
                0x00000078                __vector_9
                0x00000078                __vector_15
                0x00000078                __vector_8
                0x00000078                __vector_14
                0x00000078                __vector_10
                0x00000078                __vector_16
                0x00000078                __vector_18
                0x00000078                __vector_20
 .text          0x0000007c        0x0 ./src/interrupts.o
 .text          0x0000007c        0x0 ./src/main.o
 .text          0x0000007c        0x0 ./src/seven_segment.o
 .text          0x0000007c        0x0 ./src/timer1.o
 .text          0x0000007c        0x0 d:/academic/mt embedded diploma/0. misc/eclipse/winavr-20240224t165543z-001/winavr/bin/../lib/gcc/avr/4.3.3/avr5\libgcc.a(_udivmodqi4.o)
 .text          0x0000007c        0x0 d:/academic/mt embedded diploma/0. misc/eclipse/winavr-20240224t165543z-001/winavr/bin/../lib/gcc/avr/4.3.3/avr5\libgcc.a(_exit.o)
 .text          0x0000007c        0x0 d:/academic/mt embedded diploma/0. misc/eclipse/winavr-20240224t165543z-001/winavr/bin/../lib/gcc/avr/4.3.3/avr5\libgcc.a(_clear_bss.o)
                0x0000007c                . = ALIGN (0x2)
 *(.text.*)
 .text.__vector_1
                0x0000007c       0x66 ./src/interrupts.o
                0x0000007c                __vector_1
 .text.__vector_2
                0x000000e2       0x5e ./src/interrupts.o
                0x000000e2                __vector_2
 .text.__vector_3
                0x00000140       0x5e ./src/interrupts.o
                0x00000140                __vector_3
 .text.INT0_Init
                0x0000019e       0x54 ./src/interrupts.o
                0x0000019e                INT0_Init
 .text.INT1_Init
                0x000001f2       0x46 ./src/interrupts.o
                0x000001f2                INT1_Init
 .text.INT2_Init
                0x00000238       0x46 ./src/interrupts.o
                0x00000238                INT2_Init
 .text.main     0x0000027e       0x40 ./src/main.o
                0x0000027e                main
 .text.Seven_Segment_Init
                0x000002be       0x7e ./src/seven_segment.o
                0x000002be                Seven_Segment_Init
 .text.Time_Increment
                0x0000033c       0x58 ./src/seven_segment.o
                0x0000033c                Time_Increment
 .text.Time_Digits_Splitter
                0x00000394       0x74 ./src/seven_segment.o
                0x00000394                Time_Digits_Splitter
 .text.Display_Digit
                0x00000408      0x218 ./src/seven_segment.o
                0x00000408                Display_Digit
 .text.Timer1_CTC_Init
                0x00000620       0xae ./src/timer1.o
                0x00000620                Timer1_CTC_Init
 .text.__vector_7
                0x000006ce       0x2a ./src/timer1.o
                0x000006ce                __vector_7
 .text.libgcc   0x000006f8       0x18 d:/academic/mt embedded diploma/0. misc/eclipse/winavr-20240224t165543z-001/winavr/bin/../lib/gcc/avr/4.3.3/avr5\libgcc.a(_udivmodqi4.o)
                0x000006f8                __udivmodqi4
 .text.libgcc   0x00000710        0x0 d:/academic/mt embedded diploma/0. misc/eclipse/winavr-20240224t165543z-001/winavr/bin/../lib/gcc/avr/4.3.3/avr5\libgcc.a(_exit.o)
 .text.libgcc   0x00000710        0x0 d:/academic/mt embedded diploma/0. misc/eclipse/winavr-20240224t165543z-001/winavr/bin/../lib/gcc/avr/4.3.3/avr5\libgcc.a(_clear_bss.o)
                0x00000710                . = ALIGN (0x2)
 *(.fini9)
 .fini9         0x00000710        0x0 d:/academic/mt embedded diploma/0. misc/eclipse/winavr-20240224t165543z-001/winavr/bin/../lib/gcc/avr/4.3.3/avr5\libgcc.a(_exit.o)
                0x00000710                exit
                0x00000710                _exit
 *(.fini9)
 *(.fini8)
 *(.fini8)
 *(.fini7)
 *(.fini7)
 *(.fini6)
 *(.fini6)
 *(.fini5)
 *(.fini5)
 *(.fini4)
 *(.fini4)
 *(.fini3)
 *(.fini3)
 *(.fini2)
 *(.fini2)
 *(.fini1)
 *(.fini1)
 *(.fini0)
 .fini0         0x00000710        0x4 d:/academic/mt embedded diploma/0. misc/eclipse/winavr-20240224t165543z-001/winavr/bin/../lib/gcc/avr/4.3.3/avr5\libgcc.a(_exit.o)
 *(.fini0)
                0x00000714                _etext = .

.data           0x00800060        0x0 load address 0x00000714
                0x00800060                PROVIDE (__data_start, .)
 *(.data)
 .data          0x00800060        0x0 d:/academic/mt embedded diploma/0. misc/eclipse/winavr-20240224t165543z-001/winavr/bin/../lib/gcc/avr/4.3.3/../../../../avr/lib/avr5/crtm32.o
 .data          0x00800060        0x0 ./src/interrupts.o
 .data          0x00800060        0x0 ./src/main.o
 .data          0x00800060        0x0 ./src/seven_segment.o
 .data          0x00800060        0x0 ./src/timer1.o
 .data          0x00800060        0x0 d:/academic/mt embedded diploma/0. misc/eclipse/winavr-20240224t165543z-001/winavr/bin/../lib/gcc/avr/4.3.3/avr5\libgcc.a(_udivmodqi4.o)
 .data          0x00800060        0x0 d:/academic/mt embedded diploma/0. misc/eclipse/winavr-20240224t165543z-001/winavr/bin/../lib/gcc/avr/4.3.3/avr5\libgcc.a(_exit.o)
 .data          0x00800060        0x0 d:/academic/mt embedded diploma/0. misc/eclipse/winavr-20240224t165543z-001/winavr/bin/../lib/gcc/avr/4.3.3/avr5\libgcc.a(_clear_bss.o)
 *(.data*)
 *(.rodata)
 *(.rodata*)
 *(.gnu.linkonce.d*)
                0x00800060                . = ALIGN (0x2)
                0x00800060                _edata = .
                0x00800060                PROVIDE (__data_end, .)

.bss            0x00800060       0x11
                0x00800060                PROVIDE (__bss_start, .)
 *(.bss)
 .bss           0x00800060        0x0 d:/academic/mt embedded diploma/0. misc/eclipse/winavr-20240224t165543z-001/winavr/bin/../lib/gcc/avr/4.3.3/../../../../avr/lib/avr5/crtm32.o
 .bss           0x00800060        0x0 ./src/interrupts.o
 .bss           0x00800060        0x0 ./src/main.o
 .bss           0x00800060        0x0 ./src/seven_segment.o
 .bss           0x00800060        0x0 ./src/timer1.o
 .bss           0x00800060        0x0 d:/academic/mt embedded diploma/0. misc/eclipse/winavr-20240224t165543z-001/winavr/bin/../lib/gcc/avr/4.3.3/avr5\libgcc.a(_udivmodqi4.o)
 .bss           0x00800060        0x0 d:/academic/mt embedded diploma/0. misc/eclipse/winavr-20240224t165543z-001/winavr/bin/../lib/gcc/avr/4.3.3/avr5\libgcc.a(_exit.o)
 .bss           0x00800060        0x0 d:/academic/mt embedded diploma/0. misc/eclipse/winavr-20240224t165543z-001/winavr/bin/../lib/gcc/avr/4.3.3/avr5\libgcc.a(_clear_bss.o)
 *(.bss*)
 .bss.second    0x00800060        0x1 ./src/interrupts.o
                0x00800060                second
 .bss.minute    0x00800061        0x1 ./src/interrupts.o
                0x00800061                minute
 .bss.hour      0x00800062        0x1 ./src/interrupts.o
                0x00800062                hour
 .bss.second_digit0
                0x00800063        0x1 ./src/interrupts.o
                0x00800063                second_digit0
 .bss.second_digit1
                0x00800064        0x1 ./src/interrupts.o
                0x00800064                second_digit1
 .bss.minute_digit0
                0x00800065        0x1 ./src/interrupts.o
                0x00800065                minute_digit0
 .bss.minute_digit1
                0x00800066        0x1 ./src/interrupts.o
                0x00800066                minute_digit1
 .bss.hour_digit0
                0x00800067        0x1 ./src/interrupts.o
                0x00800067                hour_digit0
 .bss.hour_digit1
                0x00800068        0x1 ./src/interrupts.o
                0x00800068                hour_digit1
 .bss.digit     0x00800069        0x1 ./src/seven_segment.o
                0x00800069                digit
 .bss.current_time
                0x0080006a        0x6 ./src/seven_segment.o
                0x0080006a                current_time
 .bss.timer1_flag
                0x00800070        0x1 ./src/timer1.o
                0x00800070                timer1_flag
 *(COMMON)
                0x00800071                PROVIDE (__bss_end, .)
                0x00000714                __data_load_start = LOADADDR (.data)
                0x00000714                __data_load_end = (__data_load_start + SIZEOF (.data))

.noinit         0x00800071        0x0
                0x00800071                PROVIDE (__noinit_start, .)
 *(.noinit*)
                0x00800071                PROVIDE (__noinit_end, .)
                0x00800071                _end = .
                0x00800071                PROVIDE (__heap_start, .)

.eeprom         0x00810000        0x0
 *(.eeprom*)
                0x00810000                __eeprom_end = .

.fuse
 *(.fuse)
 *(.lfuse)
 *(.hfuse)
 *(.efuse)

.lock
 *(.lock*)

.signature
 *(.signature*)

.stab           0x00000000      0xd2c
 *(.stab)
 .stab          0x00000000      0x588 ./src/interrupts.o
 .stab          0x00000588      0x1c8 ./src/main.o
                                0x390 (size before relaxing)
 .stab          0x00000750      0x3c0 ./src/seven_segment.o
                                0x57c (size before relaxing)
 .stab          0x00000b10      0x21c ./src/timer1.o
                                0x3d8 (size before relaxing)

.stabstr        0x00000000      0xb61
 *(.stabstr)
 .stabstr       0x00000000      0xb61 ./src/interrupts.o

.stab.excl
 *(.stab.excl)

.stab.exclstr
 *(.stab.exclstr)

.stab.index
 *(.stab.index)

.stab.indexstr
 *(.stab.indexstr)

.comment
 *(.comment)

.debug
 *(.debug)

.line
 *(.line)

.debug_srcinfo
 *(.debug_srcinfo)

.debug_sfnames
 *(.debug_sfnames)

.debug_aranges
 *(.debug_aranges)

.debug_pubnames
 *(.debug_pubnames)

.debug_info
 *(.debug_info)
 *(.gnu.linkonce.wi.*)

.debug_abbrev
 *(.debug_abbrev)

.debug_line
 *(.debug_line)

.debug_frame
 *(.debug_frame)

.debug_str
 *(.debug_str)

.debug_loc
 *(.debug_loc)

.debug_macinfo
 *(.debug_macinfo)
OUTPUT(Mini_Project_2.elf elf32-avr)
LOAD linker stubs
